// Jest Snapshot v1, https://goo.gl/fbAQLP

exports[`renders a ToolBar correctly 1`] = `
<View
  style={
    Object {
      "alignItems": "center",
      "backgroundColor": "#44D4D7",
      "height": 64,
      "justifyContent": "center",
    }
  }
>
  <Text
    accessible={true}
    allowFontScaling={true}
    disabled={false}
    ellipsizeMode="tail"
    style={
      Object {
        "color": "white",
        "fontSize": 16,
        "fontWeight": "bold",
      }
    }
  >
    Instruments
  </Text>
</View>
`;
